Sun Mar 22 19:19:51 PDT 2026: Wallpaper applied: /data/data/com.termux/files/home/dev/wallgen/my_wallpapers/wall_curves_8.png
Sun Mar 22 19:20:22 PDT 2026: Wallpaper applied: /data/data/com.termux/files/home/dev/wallgen/my_wallpapers/wall_curves_9.png
Sun Mar 22 19:40:23 PDT 2026: Wallpaper (curves) applied: /data/data/com.termux/files/home/dev/wallgen/my_wallpapers/wall_curves_10.png
Sun Mar 22 20:00:19 PDT 2026: Wallpaper (curves) applied: /data/data/com.termux/files/home/dev/wallgen/my_wallpapers/wall_curves_11.png
Sun Mar 22 20:23:35 PDT 2026: Wallpaper (curves) applied: /data/data/com.termux/files/home/dev/wallgen/my_wallpapers/wall_curves_12.png
Sun Mar 22 20:40:19 PDT 2026: Wallpaper (curves) applied: /data/data/com.termux/files/home/dev/wallgen/my_wallpapers/wall_curves_13.png
Sun Mar 22 21:00:35 PDT 2026: Wallpaper (curves) applied: /data/data/com.termux/files/home/dev/wallgen/my_wallpapers/wall_curves_14.png
Sun Mar 22 21:20:34 PDT 2026: Wallpaper (curves) applied: /data/data/com.termux/files/home/dev/wallgen/my_wallpapers/wall_curves_15.png
Sun Mar 22 21:40:22 PDT 2026: Wallpaper (curves) applied: /data/data/com.termux/files/home/dev/wallgen/my_wallpapers/wall_curves_16.png
Sun Mar 22 22:00:26 PDT 2026: Wallpaper (curves) applied: /data/data/com.termux/files/home/dev/wallgen/my_wallpapers/wall_curves_17.png
Sun Mar 22 22:20:20 PDT 2026: Wallpaper (curves) applied: /data/data/com.termux/files/home/dev/wallgen/my_wallpapers/wall_curves_18.png
Sun Mar 22 22:40:27 PDT 2026: Wallpaper (curves) applied: /data/data/com.termux/files/home/dev/wallgen/my_wallpapers/wall_curves_19.png
Sun Mar 22 23:00:28 PDT 2026: Wallpaper (curves) applied: /data/data/com.termux/files/home/dev/wallgen/my_wallpapers/wall_curves_20.png
Sun Mar 22 23:20:27 PDT 2026: Wallpaper (curves) applied: /data/data/com.termux/files/home/dev/wallgen/my_wallpapers/wall_curves_21.png
Sun Mar 22 23:40:19 PDT 2026: Wallpaper (curves) applied: /data/data/com.termux/files/home/dev/wallgen/my_wallpapers/wall_curves_22.png
Mon Mar 23 00:00:48 PDT 2026: Wallpaper (curves) applied: /data/data/com.termux/files/home/dev/wallgen/my_wallpapers/wall_curves_23.png
Mon Mar 23 00:20:35 PDT 2026: Wallpaper (curves) applied: /data/data/com.termux/files/home/dev/wallgen/my_wallpapers/wall_curves_24.png
Mon Mar 23 00:40:45 PDT 2026: Wallpaper (curves) applied: /data/data/com.termux/files/home/dev/wallgen/my_wallpapers/wall_curves_25.png
Mon Mar 23 01:01:02 PDT 2026: Wallpaper (curves) applied: /data/data/com.termux/files/home/dev/wallgen/my_wallpapers/wall_curves_26.png
Mon Mar 23 01:20:38 PDT 2026: Wallpaper (curves) applied: /data/data/com.termux/files/home/dev/wallgen/my_wallpapers/wall_curves_27.png
Mon Mar 23 01:44:03 PDT 2026: Wallpaper (curves) applied: /data/data/com.termux/files/home/dev/wallgen/my_wallpapers/wall_curves_28.png
Mon Mar 23 02:00:18 PDT 2026: Wallpaper (curves) applied: /data/data/com.termux/files/home/dev/wallgen/my_wallpapers/wall_curves_29.png
Mon Mar 23 02:44:14 PDT 2026: Wallpaper (curves) applied: /data/data/com.termux/files/home/dev/wallgen/my_wallpapers/wall_curves_30.png
Mon Mar 23 03:00:19 PDT 2026: Wallpaper (curves) applied: /data/data/com.termux/files/home/dev/wallgen/my_wallpapers/wall_curves_31.png
Mon Mar 23 04:00:19 PDT 2026: Wallpaper (curves) applied: /data/data/com.termux/files/home/dev/wallgen/my_wallpapers/wall_curves_32.png
Mon Mar 23 04:29:13 PDT 2026: Wallpaper (curves) applied: /data/data/com.termux/files/home/dev/wallgen/my_wallpapers/wall_curves_33.png
Mon Mar 23 04:40:26 PDT 2026: Wallpaper (curves) applied: /data/data/com.termux/files/home/dev/wallgen/my_wallpapers/wall_curves_34.png
Mon Mar 23 05:00:18 PDT 2026: Wallpaper (curves) applied: /data/data/com.termux/files/home/dev/wallgen/my_wallpapers/wall_curves_35.png
Mon Mar 23 05:25:45 PDT 2026: Wallpaper (curves) applied: /data/data/com.termux/files/home/dev/wallgen/my_wallpapers/wall_curves_36.png
Mon Mar 23 05:43:51 PDT 2026: Wallpaper (curves) applied: /data/data/com.termux/files/home/dev/wallgen/my_wallpapers/wall_curves_37.png
Mon Mar 23 06:00:18 PDT 2026: Wallpaper (curves) applied: /data/data/com.termux/files/home/dev/wallgen/my_wallpapers/wall_curves_38.png
Mon Mar 23 07:00:18 PDT 2026: Wallpaper (curves) applied: /data/data/com.termux/files/home/dev/wallgen/my_wallpapers/wall_curves_39.png
Mon Mar 23 07:25:38 PDT 2026: Wallpaper (curves) applied: /data/data/com.termux/files/home/dev/wallgen/my_wallpapers/wall_curves_40.png
Mon Mar 23 07:44:10 PDT 2026: Wallpaper (curves) applied: /data/data/com.termux/files/home/dev/wallgen/my_wallpapers/wall_curves_41.png
Mon Mar 23 08:00:18 PDT 2026: Wallpaper (curves) applied: /data/data/com.termux/files/home/dev/wallgen/my_wallpapers/wall_curves_42.png
Mon Mar 23 08:20:19 PDT 2026: Wallpaper (curves) applied: /data/data/com.termux/files/home/dev/wallgen/my_wallpapers/wall_curves_43.png
Mon Mar 23 08:41:47 PDT 2026: Wallpaper (curves) applied: /data/data/com.termux/files/home/dev/wallgen/my_wallpapers/wall_curves_44.png
Mon Mar 23 09:00:33 PDT 2026: Wallpaper (curves) applied: /data/data/com.termux/files/home/dev/wallgen/my_wallpapers/wall_curves_45.png
Mon Mar 23 09:25:55 PDT 2026: Wallpaper (curves) applied: /data/data/com.termux/files/home/dev/wallgen/my_wallpapers/wall_curves_46.png
Mon Mar 23 10:07:51 PDT 2026: Wallpaper (curves) applied: /data/data/com.termux/files/home/dev/wallgen/my_wallpapers/wall_curves_47.png
Mon Mar 23 10:44:27 PDT 2026: Wallpaper (curves) applied: /data/data/com.termux/files/home/dev/wallgen/my_wallpapers/wall_curves_48.png
Mon Mar 23 11:03:18 PDT 2026: Wallpaper (curves) applied: /data/data/com.termux/files/home/dev/wallgen/my_wallpapers/wall_curves_49.png
Mon Mar 23 11:25:07 PDT 2026: Wallpaper (curves) applied: /data/data/com.termux/files/home/dev/wallgen/my_wallpapers/wall_curves_50.png
Mon Mar 23 11:41:28 PDT 2026: Wallpaper (curves) applied: /data/data/com.termux/files/home/dev/wallgen/my_wallpapers/wall_curves_51.png
Mon Mar 23 12:00:18 PDT 2026: Wallpaper (curves) applied: /data/data/com.termux/files/home/dev/wallgen/my_wallpapers/wall_curves_52.png
Tue Mar 24 12:39:38 PDT 2026: Wallpaper (curves) applied: /data/data/com.termux/files/home/dev/wallgen/my_wallpapers/wall_curves_53.png
Tue Mar 24 13:50:47 PDT 2026: Wallpaper (curves) applied: /data/data/com.termux/files/home/dev/wallgen/my_wallpapers/wall_curves_54.png
Tue Mar 24 13:52:54 PDT 2026: Wallpaper (smoke) applied: /data/data/com.termux/files/home/dev/wallgen/my_wallpapers/wall_smoke_15.png
Tue Mar 24 13:53:15 PDT 2026: Wallpaper (smoke) applied: /data/data/com.termux/files/home/dev/wallgen/my_wallpapers/wall_smoke_16.png
Tue Mar 24 13:55:51 PDT 2026: Wallpaper (smoke) applied: /data/data/com.termux/files/home/dev/wallgen/my_wallpapers/wall_smoke_20.png
Tue Mar 24 13:58:37 PDT 2026: Wallpaper (smoke) applied: /data/data/com.termux/files/home/dev/wallgen/my_wallpapers/wall_smoke_21.png
Tue Mar 24 18:28:24 PDT 2026: Wallpaper (smoke) applied: /data/data/com.termux/files/home/dev/wallgen/my_wallpapers/wall_smoke_36.png
Tue Mar 24 18:28:41 PDT 2026: Wallpaper (smoke) applied: /data/data/com.termux/files/home/dev/wallgen/my_wallpapers/wall_smoke_37.png
Tue Mar 24 18:28:48 PDT 2026: Wallpaper (smoke) applied: /data/data/com.termux/files/home/dev/wallgen/my_wallpapers/wall_smoke_38.png
Tue Mar 24 18:29:30 PDT 2026: Wallpaper (smoke) applied: /data/data/com.termux/files/home/dev/wallgen/my_wallpapers/wall_smoke_39.png
Tue Mar 24 18:37:15 PDT 2026: Wallpaper (fractal) applied: /data/data/com.termux/files/home/dev/wallgen/my_wallpapers/wall_fractal_1.png
Tue Mar 24 18:37:53 PDT 2026: Wallpaper (fractal) applied: /data/data/com.termux/files/home/dev/wallgen/my_wallpapers/wall_fractal_2.png
Tue Mar 24 18:39:47 PDT 2026: Wallpaper (fractal) applied: /data/data/com.termux/files/home/dev/wallgen/my_wallpapers/wall_fractal_3.png
Tue Mar 24 18:40:42 PDT 2026: Wallpaper (fractal) applied: /data/data/com.termux/files/home/dev/wallgen/my_wallpapers/wall_fractal_4.png
Tue Mar 24 19:49:15 PDT 2026: Wallpaper (fractal) applied: /data/data/com.termux/files/home/dev/wallgen/my_wallpapers/wall_fractal_5.png
Tue Mar 24 19:54:39 PDT 2026: Wallpaper (fractal) applied: /data/data/com.termux/files/home/dev/wallgen/my_wallpapers/wall_fractal_6.png
Tue Mar 24 19:56:12 PDT 2026: Wallpaper (fractal) applied: /data/data/com.termux/files/home/dev/wallgen/my_wallpapers/wall_fractal_7.png
Tue Mar 24 20:13:09 PDT 2026: Wallpaper (fractal) applied: /data/data/com.termux/files/home/dev/wallgen/my_wallpapers/wall_fractal_8.png
Tue Mar 24 20:13:21 PDT 2026: Wallpaper (fractal) applied: /data/data/com.termux/files/home/dev/wallgen/my_wallpapers/wall_fractal_9.png
Tue Mar 24 20:14:56 PDT 2026: Wallpaper (fractal) applied: /data/data/com.termux/files/home/dev/wallgen/my_wallpapers/wall_fractal_10.png
Tue Mar 24 20:22:47 PDT 2026: Wallpaper (fractal) applied: /data/data/com.termux/files/home/dev/wallgen/my_wallpapers/wall_fractal_11.png
Tue Mar 24 20:29:16 PDT 2026: Wallpaper (fractal) applied: /data/data/com.termux/files/home/dev/wallgen/my_wallpapers/wall_fractal_12.png
Tue Mar 24 20:29:40 PDT 2026: Wallpaper (fractal) applied: /data/data/com.termux/files/home/dev/wallgen/my_wallpapers/wall_fractal_13.png
Tue Mar 24 20:34:31 PDT 2026: Wallpaper (fractal) applied: /data/data/com.termux/files/home/dev/wallgen/my_wallpapers/wall_fractal_14.png
Tue Mar 24 20:55:20 PDT 2026: Wallpaper (fractal) applied: /data/data/com.termux/files/home/dev/wallgen/my_wallpapers/wall_fractal_15.png
Tue Mar 24 20:55:50 PDT 2026: Wallpaper (fractal) applied: /data/data/com.termux/files/home/dev/wallgen/my_wallpapers/wall_fractal_16.png
Tue Mar 24 20:56:21 PDT 2026: Wallpaper (fractal) applied: /data/data/com.termux/files/home/dev/wallgen/my_wallpapers/wall_fractal_17.png
Tue Mar 24 20:59:37 PDT 2026: Wallpaper (fractal) applied: /data/data/com.termux/files/home/dev/wallgen/my_wallpapers/wall_fractal_18.png
Tue Mar 24 20:59:52 PDT 2026: Wallpaper (fractal) applied: /data/data/com.termux/files/home/dev/wallgen/my_wallpapers/wall_fractal_19.png
Tue Mar 24 21:03:33 PDT 2026: Wallpaper (fractal) applied: /data/data/com.termux/files/home/dev/wallgen/my_wallpapers/wall_fractal_20.png
Tue Mar 24 21:04:03 PDT 2026: Wallpaper (fractal) applied: /data/data/com.termux/files/home/dev/wallgen/my_wallpapers/wall_fractal_21.png
Tue Mar 24 21:04:41 PDT 2026: Wallpaper (fractal) applied: /data/data/com.termux/files/home/dev/wallgen/my_wallpapers/wall_fractal_22.png
Tue Mar 24 21:05:59 PDT 2026: Wallpaper (fractal) applied: /data/data/com.termux/files/home/dev/wallgen/my_wallpapers/wall_fractal_23.png
Tue Mar 24 21:09:39 PDT 2026: Wallpaper (fractal) applied: /data/data/com.termux/files/home/dev/wallgen/my_wallpapers/wall_fractal_24.png
Tue Mar 24 21:14:59 PDT 2026: Wallpaper (fractal) applied: /data/data/com.termux/files/home/dev/wallgen/my_wallpapers/wall_fractal_25.png
Tue Mar 24 21:15:40 PDT 2026: Wallpaper (fractal) applied: /data/data/com.termux/files/home/dev/wallgen/my_wallpapers/wall_fractal_26.png
Tue Mar 24 21:17:22 PDT 2026: Wallpaper (fractal) applied: /data/data/com.termux/files/home/dev/wallgen/my_wallpapers/wall_fractal_27.png
Tue Mar 24 21:28:21 PDT 2026: Wallpaper (fractal) applied: /data/data/com.termux/files/home/dev/wallgen/my_wallpapers/wall_fractal_28.png
Tue Mar 24 21:35:15 PDT 2026: Wallpaper (fractal) applied: /data/data/com.termux/files/home/dev/wallgen/my_wallpapers/wall_fractal_29.png
Tue Mar 24 21:36:57 PDT 2026: Wallpaper (fractal) applied: /data/data/com.termux/files/home/dev/wallgen/my_wallpapers/wall_fractal_30.png
Tue Mar 24 21:38:29 PDT 2026: Wallpaper (fractal) applied: /data/data/com.termux/files/home/dev/wallgen/my_wallpapers/wall_fractal_31.png
Tue Mar 24 21:41:28 PDT 2026: Wallpaper (fractal) applied: /data/data/com.termux/files/home/dev/wallgen/my_wallpapers/wall_fractal_32.png
Tue Mar 24 21:43:39 PDT 2026: Wallpaper (fractal) applied: /data/data/com.termux/files/home/dev/wallgen/my_wallpapers/wall_fractal_33.png
Tue Mar 24 22:32:40 PDT 2026: Wallpaper (fractal) applied: /data/data/com.termux/files/home/dev/wallgen/my_wallpapers/wall_fractal_34.png
Tue Mar 24 22:33:07 PDT 2026: Wallpaper (fractal) applied: /data/data/com.termux/files/home/dev/wallgen/my_wallpapers/wall_fractal_35.png
Tue Mar 24 22:36:59 PDT 2026: Wallpaper (fractal) applied: /data/data/com.termux/files/home/dev/wallgen/my_wallpapers/wall_fractal_36.png
Tue Mar 24 23:12:57 PDT 2026: Wallpaper (fractal) applied: /data/data/com.termux/files/home/dev/wallgen/my_wallpapers/wall_fractal_37.png
Tue Mar 24 23:16:07 PDT 2026: Wallpaper (fractal) applied: /data/data/com.termux/files/home/dev/wallgen/my_wallpapers/wall_fractal_38.png
Tue Mar 24 23:21:27 PDT 2026: Wallpaper (fractal) applied: /data/data/com.termux/files/home/dev/wallgen/my_wallpapers/wall_fractal_39.png
Tue Mar 24 23:21:48 PDT 2026: Wallpaper (fractal) applied: /data/data/com.termux/files/home/dev/wallgen/my_wallpapers/wall_fractal_40.png
Tue Mar 24 23:22:39 PDT 2026: Wallpaper (fractal) applied: /data/data/com.termux/files/home/dev/wallgen/my_wallpapers/wall_fractal_41.png
Tue Mar 24 23:42:12 PDT 2026: Wallpaper (fractal) applied: /data/data/com.termux/files/home/dev/wallgen/my_wallpapers/wall_fractal_42.png
Tue Mar 24 23:47:35 PDT 2026: Wallpaper (fractal) applied: /data/data/com.termux/files/home/dev/wallgen/my_wallpapers/wall_fractal_43.png
Tue Mar 24 23:49:11 PDT 2026: Wallpaper (fractal) applied: /data/data/com.termux/files/home/dev/wallgen/my_wallpapers/wall_fractal_44.png
Tue Mar 24 23:50:13 PDT 2026: Wallpaper (fractal) applied: /data/data/com.termux/files/home/dev/wallgen/my_wallpapers/wall_fractal_45.png
Wed Mar 25 00:15:11 PDT 2026: Wallpaper (fractal) applied: /data/data/com.termux/files/home/dev/wallgen/my_wallpapers/wall_fractal_46.png
Wed Mar 25 00:17:24 PDT 2026: Wallpaper (fractal) applied: /data/data/com.termux/files/home/dev/wallgen/my_wallpapers/wall_fractal_47.png
Wed Mar 25 00:24:05 PDT 2026: Wallpaper (fractal) applied: /data/data/com.termux/files/home/dev/wallgen/my_wallpapers/wall_fractal_48.png
Wed Mar 25 00:30:21 PDT 2026: Wallpaper (fractal) applied: /data/data/com.termux/files/home/dev/wallgen/my_wallpapers/wall_fractal_49.png
